com\yauhescha\javashiki\model\domen\consant\ClubConstant.class
com\yauhescha\javashiki\model\domen\Related.class
com\yauhescha\javashiki\constant\TopicKind.class
com\yauhescha\javashiki\model\domen\consant\UserRateConstant.class
com\yauhescha\javashiki\model\domen\Manga.class
com\yauhescha\javashiki\model\domen\Genre.class
com\yauhescha\javashiki\api\StudioApi.class
com\yauhescha\javashiki\model\domen\Character.class
com\yauhescha\javashiki\model\domen\Video.class
com\yauhescha\javashiki\request\RequestType.class
com\yauhescha\javashiki\model\domen\RatesStatusesStat.class
com\yauhescha\javashiki\api\GenreApi.class
com\yauhescha\javashiki\constant\search\SearchOrderDuration.class
com\yauhescha\javashiki\model\domen\Calendar.class
com\yauhescha\javashiki\api\StatsApi.class
com\yauhescha\javashiki\model\reques\AnimeSearchParameters$AnimeSearchParametersBuilder.class
com\yauhescha\javashiki\constant\ShikiInfo.class
com\yauhescha\javashiki\model\domen\Ban.class
com\yauhescha\javashiki\model\domen\Achievement.class
com\yauhescha\javashiki\constant\search\SearchOrderRating.class
com\yauhescha\javashiki\model\domen\Topic.class
com\yauhescha\javashiki\request\ApiRequest.class
com\yauhescha\javashiki\constant\search\SearchOrderStatus.class
com\yauhescha\javashiki\model\domen\Publisher.class
com\yauhescha\javashiki\model\auth\AccessToken.class
com\yauhescha\javashiki\model\domen\AnimeFull.class
com\yauhescha\javashiki\api\AchievementApi.class
com\yauhescha\javashiki\model\domen\consant\SmileConstant.class
com\yauhescha\javashiki\model\domen\Roles.class
com\yauhescha\javashiki\model\domen\Node.class
com\yauhescha\javashiki\model\domen\Person.class
com\yauhescha\javashiki\api\BanApi.class
com\yauhescha\javashiki\model\domen\Franchise.class
com\yauhescha\javashiki\util\ainer.class
com\yauhescha\javashiki\model\domen\ForumImage.class
com\yauhescha\javashiki\model\domen\Link.class
com\yauhescha\javashiki\model\domen\Forum.class
com\yauhescha\javashiki\model\reques\AnimeSearchParameters.class
com\yauhescha\javashiki\model\domen\Anime.class
com\yauhescha\javashiki\model\domen\Studio.class
com\yauhescha\javashiki\model\domen\ExternalLink.class
com\yauhescha\javashiki\model\reques\ImageResponse.class
com\yauhescha\javashiki\model\domen\Comment.class
com\yauhescha\javashiki\model\domen\User.class
com\yauhescha\javashiki\model\reques\AnimeTopicParameters$AnimeTopicParametersBuilder.class
com\yauhescha\javashiki\constant\search\SearchOrderListStatus.class
com\yauhescha\javashiki\model\domen\AnimeShort.class
com\yauhescha\javashiki\util\AuthMethodCreator.class
com\yauhescha\javashiki\api\CalendarApi.class
com\yauhescha\javashiki\api\ConstantApi.class
com\yauhescha\javashiki\util\Utils.class
com\yauhescha\javashiki\api\UserImageApi.class
com\yauhescha\javashiki\api\AppearsApi.class
com\yauhescha\javashiki\model\domen\Screenshot.class
com\yauhescha\javashiki\util\DefaultTokenStorage.class
com\yauhescha\javashiki\model\domen\Image.class
com\yauhescha\javashiki\api\ForumApi.class
com\yauhescha\javashiki\model\domen\RatesScoresStat.class
com\yauhescha\javashiki\request\AuthShikimori.class
com\yauhescha\javashiki\api\PublisherApi.class
com\yauhescha\javashiki\model\domen\consant\AnimeMangaConstant.class
com\yauhescha\javashiki\model\reques\AnimeTopicParameters.class
com\yauhescha\javashiki\api\AnimeApi.class
