com\yauhescha\javashiki\model\domen\Related.class
com\yauhescha\javashiki\model\domen\Link.class
com\yauhescha\javashiki\model\reques\AnimeSearchParameters.class
com\yauhescha\javashiki\model\domen\Anime.class
com\yauhescha\javashiki\model\domen\Manga.class
com\yauhescha\javashiki\model\domen\Studio.class
com\yauhescha\javashiki\constant\search\SearchOrderKind.class
com\yauhescha\javashiki\model\domen\ExternalLink.class
com\yauhescha\javashiki\model\domen\Genre.class
com\yauhescha\javashiki\model\domen\Character.class
com\yauhescha\javashiki\model\domen\Video.class
com\yauhescha\javashiki\model\domen\RatesStatusesStat.class
com\yauhescha\javashiki\constant\search\SearchOrderDuration.class
com\yauhescha\javashiki\constant\search\SearchOrderListStatus.class
com\yauhescha\javashiki\model\reques\AnimeSearchParameters$AnimeSearchParametersBuilder.class
com\yauhescha\javashiki\model\domen\AnimeShort.class
com\yauhescha\javashiki\constant\ShikiInfo.class
com\yauhescha\javashiki\util\AuthMethodCreator.class
com\yauhescha\javashiki\constant\search\SearchOrderRating.class
com\yauhescha\javashiki\util\Utils.class
com\yauhescha\javashiki\request\ApiRequest.class
com\yauhescha\javashiki\constant\search\SearchOrderStatus.class
com\yauhescha\javashiki\constant\search\SearchOrderType.class
com\yauhescha\javashiki\model\auth\AccessToken.class
com\yauhescha\javashiki\model\domen\AnimeFull.class
com\yauhescha\javashiki\model\domen\Screenshot.class
com\yauhescha\javashiki\util\DefaultTokenStorage.class
com\yauhescha\javashiki\model\domen\Image.class
com\yauhescha\javashiki\model\domen\RatesScoresStat.class
com\yauhescha\javashiki\model\domen\Roles.class
com\yauhescha\javashiki\model\domen\Node.class
com\yauhescha\javashiki\request\AuthShikimori.class
com\yauhescha\javashiki\model\domen\Person.class
com\yauhescha\javashiki\api\AnimeApi.class
com\yauhescha\javashiki\model\domen\Franchise.class
com\yauhescha\javashiki\util\ainer.class
