/home/ubunta/IdeaProjects/javashiki/src/main/java/com/yauhescha/javashiki/model/domen/AnimeForCharacter.java
/home/ubunta/IdeaProjects/javashiki/src/main/java/com/yauhescha/javashiki/api/PeopleApi.java
/home/ubunta/IdeaProjects/javashiki/src/main/java/com/yauhescha/javashiki/api/ForumApi.java
/home/ubunta/IdeaProjects/javashiki/src/main/java/com/yauhescha/javashiki/model/domen/Character.java
/home/ubunta/IdeaProjects/javashiki/src/main/java/com/yauhescha/javashiki/api/AchievementApi.java
/home/ubunta/IdeaProjects/javashiki/src/main/java/com/yauhescha/javashiki/model/reques/AnimeTopicParameters.java
/home/ubunta/IdeaProjects/javashiki/src/main/java/com/yauhescha/javashiki/api/AnimeApi.java
/home/ubunta/IdeaProjects/javashiki/src/main/java/com/yauhescha/javashiki/api/CalendarApi.java
/home/ubunta/IdeaProjects/javashiki/src/main/java/com/yauhescha/javashiki/model/domen/Screenshot.java
/home/ubunta/IdeaProjects/javashiki/src/main/java/com/yauhescha/javashiki/model/domen/RatesScoresStat.java
/home/ubunta/IdeaProjects/javashiki/src/main/java/com/yauhescha/javashiki/model/domen/user/ScoreItem.java
/home/ubunta/IdeaProjects/javashiki/src/main/java/com/yauhescha/javashiki/model/domen/Seyu.java
/home/ubunta/IdeaProjects/javashiki/src/main/java/com/yauhescha/javashiki/util/Utils.java
/home/ubunta/IdeaProjects/javashiki/src/main/java/com/yauhescha/javashiki/model/reques/ImageResponse.java
/home/ubunta/IdeaProjects/javashiki/src/main/java/com/yauhescha/javashiki/model/domen/user/Target.java
/home/ubunta/IdeaProjects/javashiki/src/main/java/com/yauhescha/javashiki/model/domen/ForumImage.java
/home/ubunta/IdeaProjects/javashiki/src/main/java/com/yauhescha/javashiki/model/domen/AnimeShort.java
/home/ubunta/IdeaProjects/javashiki/src/main/java/com/yauhescha/javashiki/model/domen/user/AnimeMangaStatusItem.java
/home/ubunta/IdeaProjects/javashiki/src/main/java/com/yauhescha/javashiki/model/domen/Image.java
/home/ubunta/IdeaProjects/javashiki/src/main/java/com/yauhescha/javashiki/model/domen/user/FullStatuses.java
/home/ubunta/IdeaProjects/javashiki/src/main/java/com/yauhescha/javashiki/constant/ShikiInfo.java
/home/ubunta/IdeaProjects/javashiki/src/main/java/com/yauhescha/javashiki/model/domen/user/Activity.java
/home/ubunta/IdeaProjects/javashiki/src/main/java/com/yauhescha/javashiki/model/domen/Studio.java
/home/ubunta/IdeaProjects/javashiki/src/main/java/com/yauhescha/javashiki/model/domen/People.java
/home/ubunta/IdeaProjects/javashiki/src/main/java/com/yauhescha/javashiki/model/domen/RatesStatusesStat.java
/home/ubunta/IdeaProjects/javashiki/src/main/java/com/yauhescha/javashiki/constant/search/SearchMangaKind.java
/home/ubunta/IdeaProjects/javashiki/src/main/java/com/yauhescha/javashiki/model/domen/user/Types.java
/home/ubunta/IdeaProjects/javashiki/src/main/java/com/yauhescha/javashiki/api/UserApi.java
/home/ubunta/IdeaProjects/javashiki/src/main/java/com/yauhescha/javashiki/model/domen/consant/SmileConstant.java
/home/ubunta/IdeaProjects/javashiki/src/main/java/com/yauhescha/javashiki/model/domen/user/Scores.java
/home/ubunta/IdeaProjects/javashiki/src/main/java/com/yauhescha/javashiki/model/reques/MangaSearchParameters.java
/home/ubunta/IdeaProjects/javashiki/src/main/java/com/yauhescha/javashiki/model/domen/user/Logo.java
/home/ubunta/IdeaProjects/javashiki/src/main/java/com/yauhescha/javashiki/api/ConstantApi.java
/home/ubunta/IdeaProjects/javashiki/src/main/java/com/yauhescha/javashiki/model/domen/Work.java
/home/ubunta/IdeaProjects/javashiki/src/main/java/com/yauhescha/javashiki/model/domen/user/UserInfo.java
/home/ubunta/IdeaProjects/javashiki/src/main/java/com/yauhescha/javashiki/model/domen/Anime.java
/home/ubunta/IdeaProjects/javashiki/src/main/java/com/yauhescha/javashiki/model/domen/user/Club.java
/home/ubunta/IdeaProjects/javashiki/src/main/java/com/yauhescha/javashiki/api/PublisherApi.java
/home/ubunta/IdeaProjects/javashiki/src/main/java/com/yauhescha/javashiki/model/domen/Calendar.java
/home/ubunta/IdeaProjects/javashiki/src/main/java/com/yauhescha/javashiki/request/AuthShikimori.java
/home/ubunta/IdeaProjects/javashiki/src/main/java/com/yauhescha/javashiki/constant/search/SearchOrderRating.java
/home/ubunta/IdeaProjects/javashiki/src/main/java/com/yauhescha/javashiki/api/GenreApi.java
/home/ubunta/IdeaProjects/javashiki/src/main/java/com/yauhescha/javashiki/model/domen/Roles.java
/home/ubunta/IdeaProjects/javashiki/src/main/java/com/yauhescha/javashiki/model/domen/Achievement.java
/home/ubunta/IdeaProjects/javashiki/src/main/java/com/yauhescha/javashiki/model/domen/user/Stats.java
/home/ubunta/IdeaProjects/javashiki/src/main/java/com/yauhescha/javashiki/model/domen/Franchise.java
/home/ubunta/IdeaProjects/javashiki/src/main/java/com/yauhescha/javashiki/model/domen/PeopleFull.java
/home/ubunta/IdeaProjects/javashiki/src/main/java/com/yauhescha/javashiki/api/CharacterApi.java
/home/ubunta/IdeaProjects/javashiki/src/main/java/com/yauhescha/javashiki/model/domen/Forum.java
/home/ubunta/IdeaProjects/javashiki/src/main/java/com/yauhescha/javashiki/model/domen/Link.java
/home/ubunta/IdeaProjects/javashiki/src/main/java/com/yauhescha/javashiki/constant/TopicKind.java
/home/ubunta/IdeaProjects/javashiki/src/main/java/com/yauhescha/javashiki/model/domen/Manga.java
/home/ubunta/IdeaProjects/javashiki/src/main/java/com/yauhescha/javashiki/constant/search/SearchMangaOrder.java
/home/ubunta/IdeaProjects/javashiki/src/main/java/com/yauhescha/javashiki/model/reques/AnimeSearchParameters.java
/home/ubunta/IdeaProjects/javashiki/src/main/java/com/yauhescha/javashiki/api/UserImageApi.java
/home/ubunta/IdeaProjects/javashiki/src/main/java/com/yauhescha/javashiki/api/BanApi.java
/home/ubunta/IdeaProjects/javashiki/src/main/java/com/yauhescha/javashiki/model/domen/Genre.java
/home/ubunta/IdeaProjects/javashiki/src/main/java/com/yauhescha/javashiki/model/domen/User.java
/home/ubunta/IdeaProjects/javashiki/src/main/java/com/yauhescha/javashiki/api/MangaApi.java
/home/ubunta/IdeaProjects/javashiki/src/main/java/com/yauhescha/javashiki/model/domen/Comment.java
/home/ubunta/IdeaProjects/javashiki/src/main/java/com/yauhescha/javashiki/model/domen/Topic.java
/home/ubunta/IdeaProjects/javashiki/src/main/java/com/yauhescha/javashiki/model/domen/Video.java
/home/ubunta/IdeaProjects/javashiki/src/main/java/com/yauhescha/javashiki/constant/search/SearchKindType.java
/home/ubunta/IdeaProjects/javashiki/src/main/java/com/yauhescha/javashiki/model/domen/Related.java
/home/ubunta/IdeaProjects/javashiki/src/main/java/com/yauhescha/javashiki/model/reques/MangaTopicParameters.java
/home/ubunta/IdeaProjects/javashiki/src/main/java/com/yauhescha/javashiki/model/domen/user/Favourity.java
/home/ubunta/IdeaProjects/javashiki/src/main/java/com/yauhescha/javashiki/model/domen/user/FavourityItem.java
/home/ubunta/IdeaProjects/javashiki/src/main/java/com/yauhescha/javashiki/model/domen/MangaFull.java
/home/ubunta/IdeaProjects/javashiki/src/main/java/com/yauhescha/javashiki/model/domen/AnimeFull.java
/home/ubunta/IdeaProjects/javashiki/src/main/java/com/yauhescha/javashiki/model/domen/ExternalLink.java
/home/ubunta/IdeaProjects/javashiki/src/main/java/com/yauhescha/javashiki/model/domen/user/History.java
/home/ubunta/IdeaProjects/javashiki/src/main/java/com/yauhescha/javashiki/model/domen/Person.java
/home/ubunta/IdeaProjects/javashiki/src/main/java/com/yauhescha/javashiki/constant/search/SearchOrderListStatus.java
/home/ubunta/IdeaProjects/javashiki/src/main/java/com/yauhescha/javashiki/api/AppearsApi.java
/home/ubunta/IdeaProjects/javashiki/src/main/java/com/yauhescha/javashiki/model/domen/user/Ratings.java
/home/ubunta/IdeaProjects/javashiki/src/main/java/com/yauhescha/javashiki/model/domen/consant/ClubConstant.java
/home/ubunta/IdeaProjects/javashiki/src/main/java/com/yauhescha/javashiki/model/domen/user/UnreadMessages.java
/home/ubunta/IdeaProjects/javashiki/src/main/java/com/yauhescha/javashiki/model/domen/user/Statuses.java
/home/ubunta/IdeaProjects/javashiki/src/main/java/com/yauhescha/javashiki/model/domen/PeopleRole.java
/home/ubunta/IdeaProjects/javashiki/src/main/java/com/yauhescha/javashiki/util/AuthMethodCreator.java
/home/ubunta/IdeaProjects/javashiki/src/main/java/com/yauhescha/javashiki/model/domen/Ban.java
/home/ubunta/IdeaProjects/javashiki/src/main/java/com/yauhescha/javashiki/model/domen/user/UserFull.java
/home/ubunta/IdeaProjects/javashiki/src/main/java/com/yauhescha/javashiki/constant/search/SearchOrderStatus.java
/home/ubunta/IdeaProjects/javashiki/src/main/java/com/yauhescha/javashiki/model/domen/consant/AnimeMangaConstant.java
/home/ubunta/IdeaProjects/javashiki/src/main/java/com/yauhescha/javashiki/api/StudioApi.java
/home/ubunta/IdeaProjects/javashiki/src/main/java/com/yauhescha/javashiki/constant/search/SearchOrderDuration.java
/home/ubunta/IdeaProjects/javashiki/src/main/java/com/yauhescha/javashiki/TestingClass.java
/home/ubunta/IdeaProjects/javashiki/src/main/java/com/yauhescha/javashiki/request/RequestType.java
/home/ubunta/IdeaProjects/javashiki/src/main/java/com/yauhescha/javashiki/model/domen/MangaForCharacter.java
/home/ubunta/IdeaProjects/javashiki/src/main/java/com/yauhescha/javashiki/constant/search/SearchAnimeOrder.java
/home/ubunta/IdeaProjects/javashiki/src/main/java/com/yauhescha/javashiki/request/ApiRequest.java
/home/ubunta/IdeaProjects/javashiki/src/main/java/com/yauhescha/javashiki/model/domen/Node.java
/home/ubunta/IdeaProjects/javashiki/src/main/java/com/yauhescha/javashiki/api/StatsApi.java
/home/ubunta/IdeaProjects/javashiki/src/main/java/com/yauhescha/javashiki/model/domen/CharacterFull.java
/home/ubunta/IdeaProjects/javashiki/src/main/java/com/yauhescha/javashiki/model/domen/Publisher.java
/home/ubunta/IdeaProjects/javashiki/src/main/java/com/yauhescha/javashiki/model/auth/AccessToken.java
/home/ubunta/IdeaProjects/javashiki/src/main/java/com/yauhescha/javashiki/constant/search/SearchAnimeKind.java
/home/ubunta/IdeaProjects/javashiki/src/main/java/com/yauhescha/javashiki/model/domen/consant/UserRateConstant.java
