C:\Users\yauhe\IdeaProjects\javashiki\src\main\java\com\yauhescha\javashiki\model\domen\Image.java
C:\Users\yauhe\IdeaProjects\javashiki\src\main\java\com\yauhescha\javashiki\model\domen\Roles.java
C:\Users\yauhe\IdeaProjects\javashiki\src\main\java\com\yauhescha\javashiki\model\domen\consant\UserRateConstant.java
C:\Users\yauhe\IdeaProjects\javashiki\src\main\java\com\yauhescha\javashiki\model\reques\AnimeSearchParameters.java
C:\Users\yauhe\IdeaProjects\javashiki\src\main\java\com\yauhescha\javashiki\api\BanApi.java
C:\Users\yauhe\IdeaProjects\javashiki\src\main\java\com\yauhescha\javashiki\model\domen\consant\SmileConstant.java
C:\Users\yauhe\IdeaProjects\javashiki\src\main\java\com\yauhescha\javashiki\api\GenreApi.java
C:\Users\yauhe\IdeaProjects\javashiki\src\main\java\com\yauhescha\javashiki\request\AuthShikimori.java
C:\Users\yauhe\IdeaProjects\javashiki\src\main\java\com\yauhescha\javashiki\model\domen\ExternalLink.java
C:\Users\yauhe\IdeaProjects\javashiki\src\main\java\com\yauhescha\javashiki\model\domen\Forum.java
C:\Users\yauhe\IdeaProjects\javashiki\src\main\java\com\yauhescha\javashiki\model\domen\Person.java
C:\Users\yauhe\IdeaProjects\javashiki\src\main\java\com\yauhescha\javashiki\constant\ShikiInfo.java
C:\Users\yauhe\IdeaProjects\javashiki\src\main\java\com\yauhescha\javashiki\api\AnimeApi.java
C:\Users\yauhe\IdeaProjects\javashiki\src\main\java\com\yauhescha\javashiki\model\domen\RatesScoresStat.java
C:\Users\yauhe\IdeaProjects\javashiki\src\main\java\com\yauhescha\javashiki\util\AuthMethodCreator.java
C:\Users\yauhe\IdeaProjects\javashiki\src\main\java\com\yauhescha\javashiki\util\DefaultTokenStorage.java
C:\Users\yauhe\IdeaProjects\javashiki\src\main\java\com\yauhescha\javashiki\model\domen\Link.java
C:\Users\yauhe\IdeaProjects\javashiki\src\main\java\com\yauhescha\javashiki\request\RequestType.java
C:\Users\yauhe\IdeaProjects\javashiki\src\main\java\com\yauhescha\javashiki\api\CalendarApi.java
C:\Users\yauhe\IdeaProjects\javashiki\src\main\java\com\yauhescha\javashiki\request\ApiRequest.java
C:\Users\yauhe\IdeaProjects\javashiki\src\main\java\com\yauhescha\javashiki\model\reques\AnimeTopicParameters.java
C:\Users\yauhe\IdeaProjects\javashiki\src\main\java\com\yauhescha\javashiki\api\ConstantApi.java
C:\Users\yauhe\IdeaProjects\javashiki\src\main\java\com\yauhescha\javashiki\model\domen\Achievement.java
C:\Users\yauhe\IdeaProjects\javashiki\src\main\java\com\yauhescha\javashiki\model\domen\AnimeFull.java
C:\Users\yauhe\IdeaProjects\javashiki\src\main\java\com\yauhescha\javashiki\model\domen\consant\ClubConstant.java
C:\Users\yauhe\IdeaProjects\javashiki\src\main\java\com\yauhescha\javashiki\model\domen\Node.java
C:\Users\yauhe\IdeaProjects\javashiki\src\main\java\com\yauhescha\javashiki\api\ForumApi.java
C:\Users\yauhe\IdeaProjects\javashiki\src\main\java\com\yauhescha\javashiki\constant\search\SearchOrderDuration.java
C:\Users\yauhe\IdeaProjects\javashiki\src\main\java\com\yauhescha\javashiki\model\domen\Studio.java
C:\Users\yauhe\IdeaProjects\javashiki\src\main\java\com\yauhescha\javashiki\api\PublisherApi.java
C:\Users\yauhe\IdeaProjects\javashiki\src\main\java\com\yauhescha\javashiki\api\AchievementApi.java
C:\Users\yauhe\IdeaProjects\javashiki\src\main\java\com\yauhescha\javashiki\constant\search\SearchOrderRating.java
C:\Users\yauhe\IdeaProjects\javashiki\src\main\java\com\yauhescha\javashiki\model\domen\Calendar.java
C:\Users\yauhe\IdeaProjects\javashiki\src\main\java\com\yauhescha\javashiki\model\domen\ForumImage.java
C:\Users\yauhe\IdeaProjects\javashiki\src\main\java\com\yauhescha\javashiki\util\ainer.java
C:\Users\yauhe\IdeaProjects\javashiki\src\main\java\com\yauhescha\javashiki\model\domen\consant\AnimeMangaConstant.java
C:\Users\yauhe\IdeaProjects\javashiki\src\main\java\com\yauhescha\javashiki\model\domen\Manga.java
C:\Users\yauhe\IdeaProjects\javashiki\src\main\java\com\yauhescha\javashiki\constant\search\SearchOrderStatus.java
C:\Users\yauhe\IdeaProjects\javashiki\src\main\java\com\yauhescha\javashiki\model\domen\Publisher.java
C:\Users\yauhe\IdeaProjects\javashiki\src\main\java\com\yauhescha\javashiki\api\AppearsApi.java
C:\Users\yauhe\IdeaProjects\javashiki\src\main\java\com\yauhescha\javashiki\model\domen\Anime.java
C:\Users\yauhe\IdeaProjects\javashiki\src\main\java\com\yauhescha\javashiki\model\domen\Franchise.java
C:\Users\yauhe\IdeaProjects\javashiki\src\main\java\com\yauhescha\javashiki\model\auth\AccessToken.java
C:\Users\yauhe\IdeaProjects\javashiki\src\main\java\com\yauhescha\javashiki\api\StudioApi.java
C:\Users\yauhe\IdeaProjects\javashiki\src\main\java\com\yauhescha\javashiki\model\domen\User.java
C:\Users\yauhe\IdeaProjects\javashiki\src\main\java\com\yauhescha\javashiki\constant\search\SearchOrderType.java
C:\Users\yauhe\IdeaProjects\javashiki\src\main\java\com\yauhescha\javashiki\model\domen\Character.java
C:\Users\yauhe\IdeaProjects\javashiki\src\main\java\com\yauhescha\javashiki\model\domen\Ban.java
C:\Users\yauhe\IdeaProjects\javashiki\src\main\java\com\yauhescha\javashiki\constant\TopicKind.java
C:\Users\yauhe\IdeaProjects\javashiki\src\main\java\com\yauhescha\javashiki\util\Utils.java
C:\Users\yauhe\IdeaProjects\javashiki\src\main\java\com\yauhescha\javashiki\model\domen\Video.java
C:\Users\yauhe\IdeaProjects\javashiki\src\main\java\com\yauhescha\javashiki\model\domen\Related.java
C:\Users\yauhe\IdeaProjects\javashiki\src\main\java\com\yauhescha\javashiki\model\domen\AnimeShort.java
C:\Users\yauhe\IdeaProjects\javashiki\src\main\java\com\yauhescha\javashiki\model\domen\Comment.java
C:\Users\yauhe\IdeaProjects\javashiki\src\main\java\com\yauhescha\javashiki\model\domen\Topic.java
C:\Users\yauhe\IdeaProjects\javashiki\src\main\java\com\yauhescha\javashiki\api\StatsApi.java
C:\Users\yauhe\IdeaProjects\javashiki\src\main\java\com\yauhescha\javashiki\constant\search\SearchOrderKind.java
C:\Users\yauhe\IdeaProjects\javashiki\src\main\java\com\yauhescha\javashiki\model\domen\Genre.java
C:\Users\yauhe\IdeaProjects\javashiki\src\main\java\com\yauhescha\javashiki\model\domen\RatesStatusesStat.java
C:\Users\yauhe\IdeaProjects\javashiki\src\main\java\com\yauhescha\javashiki\model\domen\Screenshot.java
C:\Users\yauhe\IdeaProjects\javashiki\src\main\java\com\yauhescha\javashiki\constant\search\SearchOrderListStatus.java
